// Jest Snapshot v1, https://goo.gl/fbAQLP

exports[`Работа с DOM Автозамена элементов дерева тегов с сохранением вложенной структуры 1`] = `undefined`;

exports[`Работа с DOM Вставка элементов: 5 последовательных тегов P с содержимым и аттрибутами 1`] = `<body />`;

exports[`Работа с DOM Рекурсивное построение дерева тегов DIV с вложенностью 3, по 3 ветки в узле 1`] = `undefined`;
